This calculator currently crashes on divide by 0.i
The calculator also feels Dark Gray, All Alone.
